org\dorm\model\entity\Bed.class
org\dorm\model\service\UserService.class
org\dorm\model\entity\Reminder.class
org\dorm\model\entity\Announcement.class
org\dorm\view\PaymentManagementController.class
org\dorm\controller\PaymentController.class
org\dorm\model\service\impl\DormitoryServiceImpl.class
org\dorm\model\dao\impl\StudentDAOImpl.class
org\dorm\model\dao\AccommodationDAO.class
org\dorm\model\entity\Dormitory.class
org\dorm\model\service\AnnouncementService.class
org\dorm\model\entity\RepairApplication.class
org\dorm\controller\AnnouncementController.class
org\dorm\util\DatabaseUtil.class
org\dorm\model\service\RepairApplicationService.class
org\dorm\model\dao\RepairApplicationDAO.class
org\dorm\model\service\BedService.class
org\dorm\model\dao\PaymentDAO.class
org\dorm\model\dao\impl\UserDAOImpl.class
org\dorm\model\service\impl\AnnouncementServiceImpl.class
org\dorm\model\service\impl\PaymentServiceImpl.class
org\dorm\view\AccommodationManagementController.class
org\dorm\model\service\StudentService.class
org\dorm\controller\StudentController.class
org\dorm\model\dao\BedDAO.class
org\dorm\model\service\AccommodationService.class
org\dorm\view\MainController$1.class
org\dorm\view\StudentMainController.class
org\dorm\model\entity\Violation.class
org\dorm\view\ReminderManagementController.class
org\dorm\model\service\impl\ReminderServiceImpl.class
org\dorm\model\service\impl\UserServiceImpl.class
org\dorm\model\service\impl\ViolationServiceImpl.class
org\dorm\model\service\ReminderService.class
org\dorm\controller\UserController.class
org\dorm\controller\BedController.class
org\dorm\view\RegisterViewController.class
org\dorm\model\dao\UserDAO.class
org\dorm\controller\AccommodationController.class
org\dorm\view\StatisticsData.class
org\dorm\model\dao\impl\AnnouncementDAOImpl.class
org\dorm\model\dao\impl\DormitoryDAOImpl.class
org\dorm\controller\RepairApplicationController.class
org\dorm\model\service\DormitoryService.class
org\dorm\model\dao\ViolationDAO.class
org\dorm\view\StudentManagementController.class
org\dorm\model\entity\Student.class
org\dorm\model\service\impl\BedServiceImpl.class
org\dorm\model\service\impl\StudentServiceImpl.class
org\example\Main.class
org\dorm\model\dao\impl\RepairApplicationDAOImpl.class
org\dorm\view\StudentInfoController.class
org\dorm\model\dao\impl\ReminderDAOImpl.class
org\dorm\model\dao\ReminderDAO.class
org\dorm\model\entity\Payment.class
org\dorm\view\StudentDashboardController.class
org\dorm\model\service\impl\RepairApplicationServiceImpl.class
org\dorm\view\StatisticsController.class
org\dorm\view\MainController$2.class
org\dorm\model\dao\AnnouncementDAO.class
org\dorm\util\DataUpdateManager$DataUpdateListener.class
org\dorm\model\service\PaymentService.class
org\dorm\view\StudentRepairController.class
org\dorm\model\dao\impl\ViolationDAOImpl.class
org\dorm\model\entity\User.class
org\dorm\controller\ViolationController.class
org\dorm\model\dao\impl\PaymentDAOImpl.class
org\dorm\model\service\ViolationService.class
org\dorm\view\LoginViewController.class
org\dorm\model\entity\Accommodation.class
org\dorm\view\DormitoryManagementController.class
org\dorm\Main.class
org\dorm\controller\DormitoryController.class
org\dorm\model\dao\DormitoryDAO.class
org\dorm\view\ChangePasswordController.class
org\dorm\controller\ReminderController.class
org\dorm\view\MainController.class
org\dorm\view\AdminRepairController$1.class
org\dorm\model\dao\StudentDAO.class
org\dorm\view\AdminRepairController.class
org\dorm\controller\LoginController.class
org\dorm\view\ViolationManagementController.class
org\dorm\model\service\impl\AccommodationServiceImpl.class
org\dorm\util\DataUpdateManager.class
org\dorm\model\dao\impl\BedDAOImpl.class
org\dorm\model\dao\impl\AccommodationDAOImpl.class
org\dorm\view\SubmitRepairController.class
